
> arsist-engine@1.0.0 xreal:diag
> node scripts/xreal-diag.js

[Arsist] Building (XREAL One diag)...
[progress] prepare 0% ビルド準備中...
[progress] prepare-unity 5% Unityプロジェクトを準備中...
[progress] transfer 10% プロジェクトデータを転送中...
[Arsist] Project Assets copied into Unity (Assets/ArsistProjectAssets)
[Arsist] HTML UI file copied to ArsistGenerated/html
[Arsist] Project data transferred to Unity
[progress] patch 30% SDKパッチを適用中...
[Arsist] Applied AndroidManifest patch
[Arsist] Applied editor scripts patch
[Arsist] Device patch applied for XREAL_One
[progress] sdk 40% 必須SDKを確認/組み込み中...
[Arsist] Embedded XREAL SDK: Packages/com.xreal.xr (manifest.json updated)
[progress] build 50% Unityビルドを実行中...
[Unity] Starting build: /home/rinta/Unity/Hub/Editor/6000.0.61f1/Editor/Unity -batchmode -nographics -projectPath /home/rinta/Documents/github/ARs/o2/TempUnityProject -executeMethod Arsist.Builder.ArsistBuildPipeline.BuildFromCLI -buildTarget Android -outputPath /home/rinta/Documents/github/ARs/o2 -targetDevice XREAL_One -developmentBuild true -logFile /home/rinta/Documents/github/Arsist/diag_artifacts/unity_build_2026-01-31T08-35-01.990Z.log -quit
